// Jest Snapshot v1, https://goo.gl/fbAQLP

exports[`Loading page renders without crashing 1`] = `
<Fragment>
  <div
    id="clouds"
  >
    <div
      className="cloud x1"
    />
    <div
      className="cloud x1_5"
    />
    <div
      className="cloud x2"
    />
    <div
      className="cloud x3"
    />
    <div
      className="cloud x4"
    />
    <div
      className="cloud x5"
    />
  </div>
  <div
    className="c"
  >
    <div
      className="_404"
    >
      404
    </div>
    <hr
      className="hr404"
    />
    <div
      className="_1"
    >
      THE PAGE
    </div>
    <div
      className="_2"
    >
      WAS NOT FOUND
    </div>
  </div>
</Fragment>
`;
